// Jest Snapshot v1, https://goo.gl/fbAQLP

exports[`Loader it works 1`] = `
<div
  class="sc-bdnylx jKMVEP"
  color=""
  height="100"
  width="100"
/>
`;

exports[`Loader the loader works 1`] = `
<div
  class="sc-bdnylx jKMVEP"
  color=""
  height="100"
  width="100"
/>
`;
